OK  generic   seed= 1 gap=-5.12e-12 mirror-grader=+0.00e+00 minEOD=   0.499 trades=111 fok=7/36 unsettled=[] final=242.28
OK  generic   seed= 2 gap=-7.28e-12 mirror-grader=+0.00e+00 minEOD=   0.426 trades= 76 fok=6/58 unsettled=[] final=42447.95
OK  generic   seed= 3 gap=-5.68e-14 mirror-grader=+0.00e+00 minEOD=   0.414 trades= 68 fok=13/48 unsettled=[] final=249.23
OK  generic   seed= 4 gap=-1.46e-11 mirror-grader=+0.00e+00 minEOD=   0.434 trades= 73 fok=6/43 unsettled=[] final=67877.88
OK  generic   seed= 5 gap=+7.28e-12 mirror-grader=+0.00e+00 minEOD=   0.500 trades= 75 fok=15/45 unsettled=[] final=20469.22
OK  generic   seed= 6 gap=+0.00e+00 mirror-grader=+0.00e+00 minEOD=   0.437 trades= 72 fok=15/42 unsettled=[] final=115.01
OK  generic   seed= 7 gap=+1.78e-14 mirror-grader=+0.00e+00 minEOD=   0.460 trades= 65 fok=10/35 unsettled=[] final=17.50
OK  generic   seed= 8 gap=+0.00e+00 mirror-grader=+0.00e+00 minEOD=   0.606 trades= 74 fok=10/50 unsettled=[] final=314.74
OK  generic   seed= 9 gap=+0.00e+00 mirror-grader=+0.00e+00 minEOD=   0.431 trades= 91 fok=12/45 unsettled=[] final=20397.89
OK  generic   seed=10 gap=-2.33e-10 mirror-grader=+0.00e+00 minEOD=   0.460 trades=120 fok=10/35 unsettled=[] final=1001825.55
OK  defensive seed= 1 gap=+0.00e+00 mirror-grader=+0.00e+00 minEOD=   0.250 trades= 81 fok=0/51 unsettled=[] final=20241.00
OK  defensive seed= 2 gap=+0.00e+00 mirror-grader=+0.00e+00 minEOD=   1.030 trades= 76 fok=0/49 unsettled=[] final=275.17
OK  defensive seed= 3 gap=-1.82e-12 mirror-grader=+0.00e+00 minEOD=   0.430 trades= 82 fok=0/45 unsettled=[] final=10284.88
OK  defensive seed= 4 gap=+0.00e+00 mirror-grader=+0.00e+00 minEOD=   0.850 trades= 73 fok=0/28 unsettled=[] final=21353.75
OK  defensive seed= 5 gap=+1.82e-12 mirror-grader=+0.00e+00 minEOD=   1.910 trades= 75 fok=0/45 unsettled=[] final=11196.61
OK  defensive seed= 6 gap=+1.82e-12 mirror-grader=+0.00e+00 minEOD=   0.380 trades= 95 fok=0/49 unsettled=[] final=10198.00
OK  defensive seed= 7 gap=-3.64e-12 mirror-grader=+0.00e+00 minEOD=   0.200 trades=100 fok=0/35 unsettled=[] final=27426.34
OK  defensive seed= 8 gap=+1.82e-12 mirror-grader=+0.00e+00 minEOD=   0.330 trades= 81 fok=0/25 unsettled=[] final=10285.84
OK  defensive seed= 9 gap=+3.64e-12 mirror-grader=+0.00e+00 minEOD=   0.320 trades= 84 fok=0/42 unsettled=[] final=10149.23
OK  defensive seed=10 gap=-8.53e-14 mirror-grader=+0.00e+00 minEOD=   0.320 trades=107 fok=0/48 unsettled=[] final=248.57
OK  test19    seed= 1 gap=+1.42e-14 mirror-grader=+0.00e+00 minEOD=   4.677 trades= 77 fok=7/40 unsettled=[] final=62.94
OK  test19    seed= 2 gap=+2.18e-11 mirror-grader=+0.00e+00 minEOD=   0.854 trades= 64 fok=10/47 unsettled=[] final=40239.26
OK  test19    seed= 3 gap=+1.46e-11 mirror-grader=+0.00e+00 minEOD=   0.811 trades= 84 fok=4/49 unsettled=[] final=80081.18
OK  test19    seed= 4 gap=+0.00e+00 mirror-grader=+0.00e+00 minEOD=   0.823 trades= 73 fok=12/50 unsettled=[] final=41507.16
OK  test19    seed= 5 gap=+2.18e-11 mirror-grader=+0.00e+00 minEOD=  17.200 trades= 75 fok=10/45 unsettled=[] final=41378.77
OK  test19    seed= 6 gap=+2.91e-11 mirror-grader=+0.00e+00 minEOD=   0.850 trades= 89 fok=1/41 unsettled=[] final=84471.80
OK  test19    seed= 7 gap=-2.49e-14 mirror-grader=+0.00e+00 minEOD=   0.810 trades= 65 fok=6/35 unsettled=[] final=17.80
OK  test19    seed= 8 gap=-7.28e-12 mirror-grader=+0.00e+00 minEOD=   0.866 trades= 70 fok=10/51 unsettled=[] final=40323.28
OK  test19    seed= 9 gap=-1.61e-12 mirror-grader=+0.00e+00 minEOD=   0.871 trades= 52 fok=8/41 unsettled=[] final=58.12
OK  test19    seed=10 gap=+1.06e-11 mirror-grader=+0.00e+00 minEOD=   0.826 trades=115 fok=3/32 unsettled=[] final=99.48

worst per mode: {'generic': 2.3283064365386963e-10, 'defensive': 3.637978807091713e-12, 'test19': 2.9103830456733704e-11}
grader day-end cash ever negative in worst runs: False
FAILURES: 0
